// Jest Snapshot v1, https://goo.gl/fbAQLP

exports[`Validator require fields returns the field 1`] = `"age is a required field"`;
